// Jest Snapshot v1, https://goo.gl/fbAQLP

exports[`Logo tests Should renders correctly 1`] = `
<RNCSafeAreaProvider
  onInsetsChange={[Function]}
  style={
    Array [
      Object {
        "flex": 1,
      },
      undefined,
    ]
  }
>
  <View
    dataSet={Object {}}
    style={
      Object {
        "alignItems": "center",
        "flexDirection": "row",
      }
    }
    testID="logo-image"
  >
    <Text />
    <View
      dataSet={Object {}}
      style={
        Object {
          "width": 8,
        }
      }
    />
    <Text
      dataSet={Object {}}
      style={
        Object {
          "backgroundColor": undefined,
          "color": "#006aff",
          "fontFamily": undefined,
          "fontSize": 20,
          "fontStyle": "normal",
          "fontWeight": "700",
          "letterSpacing": 0,
          "lineHeight": 30,
          "textDecorationLine": undefined,
        }
      }
    >
      Task
Organizer
    </Text>
  </View>
</RNCSafeAreaProvider>
`;
