// Jest Snapshot v1, https://goo.gl/fbAQLP

exports[`ScreenContainer tests Should renders correctly 1`] = `
<RNCSafeAreaProvider
  onInsetsChange={[Function]}
  style={
    Array [
      Object {
        "flex": 1,
      },
      undefined,
    ]
  }
>
  <View
    dataSet={Object {}}
    style={
      Object {
        "backgroundColor": "#FFFFFF",
        "flex": 1,
      }
    }
  >
    <View
      dataSet={Object {}}
      style={
        Object {
          "flex": 1,
          "paddingBottom": 24,
          "paddingLeft": 24,
          "paddingRight": 24,
          "paddingTop": 24,
        }
      }
    />
  </View>
  <View
    collapsable={false}
    pointerEvents="box-none"
    style={
      Array [
        Object {
          "bottom": 0,
          "left": 0,
          "position": "absolute",
          "right": 0,
          "top": 0,
        },
        Object {
          "display": "none",
        },
      ]
    }
  >
    <View
      collapsable={false}
      pointerEvents="none"
      style={
        Object {
          "bottom": 0,
          "left": 0,
          "opacity": 0,
          "position": "absolute",
          "right": 0,
          "top": 0,
          "transform": Array [
            Object {
              "translateY": 0,
            },
            Object {
              "translateX": 0,
            },
            Object {
              "scale": 1,
            },
            Object {
              "scaleX": 1,
            },
            Object {
              "scaleY": 1,
            },
            Object {
              "rotate": "0deg",
            },
          ],
        }
      }
    >
      <View
        accessible={false}
        collapsable={false}
        dataSet={Object {}}
        focusable={true}
        importantForAccessibility="no"
        onBlur={[Function]}
        onClick={[Function]}
        onFocus={[Function]}
        onResponderGrant={[Function]}
        onResponderMove={[Function]}
        onResponderRelease={[Function]}
        onResponderTerminate={[Function]}
        onResponderTerminationRequest={[Function]}
        onStartShouldSetResponder={[Function]}
        style={
          Object {
            "backgroundColor": "rgb(0, 0, 0)",
            "bottom": 0,
            "left": 0,
            "opacity": 0.3,
            "position": "absolute",
            "right": 0,
            "top": 0,
          }
        }
      />
    </View>
    <View
      collapsable={false}
      pointerEvents="none"
      style={
        Object {
          "bottom": 0,
          "left": 0,
          "opacity": 0,
          "position": "absolute",
          "right": 0,
          "top": 0,
          "transform": Array [
            Object {
              "translateY": 0,
            },
            Object {
              "translateX": 0,
            },
            Object {
              "scale": 1,
            },
            Object {
              "scaleX": 1,
            },
            Object {
              "scaleY": 1,
            },
            Object {
              "rotate": "0deg",
            },
          ],
        }
      }
    >
      <View
        closeOnOverlayClick={true}
        dataSet={Object {}}
        pointerEvents="box-none"
        style={
          Object {
            "alignItems": "center",
            "height": "100%",
            "justifyContent": "center",
            "width": "100%",
          }
        }
        testID="loading-modal"
      >
        <ActivityIndicator
          accessibilityLabel="loading"
          accessible={true}
          color="#0891b2"
          size="large"
          style={
            Array [
              Array [
                Object {},
                Object {
                  "colorScheme": "brand",
                  "dataSet": Object {},
                },
                Object {},
              ],
              undefined,
            ]
          }
        />
      </View>
    </View>
  </View>
</RNCSafeAreaProvider>
`;
