// Jest Snapshot v1, https://goo.gl/fbAQLP

exports[`Icon tests Should renders correctly 1`] = `
<RNCSafeAreaProvider
  onInsetsChange={[Function]}
  style={
    Array [
      Object {
        "flex": 1,
      },
      undefined,
    ]
  }
>
  <Text />
</RNCSafeAreaProvider>
`;
